// Jest Snapshot v1, https://goo.gl/fbAQLP

exports[`App Component rendered successfully 1`] = `ShallowWrapper {}`;

exports[`Card Component rendered successfully 1`] = `ShallowWrapper {}`;
