// Jest Snapshot v1, https://goo.gl/fbAQLP

exports[`Card Component rendered successfully 1`] = `ShallowWrapper {}`;

exports[`Display Component rendered successfully 1`] = `ShallowWrapper {}`;
